Starting project at /app
Starting Metro Bundler
Waiting on http://localhost:8081
Logs for your project will appear below.
Web ./index.js ░░░░░░░░░░░░░░░░  0.0% (0/1)
Web ./index.js ▓▓▓▓▓▓▓░░░░░░░░░ 46.5% (129/265)
Web ./index.js ▓▓▓▓▓▓▓░░░░░░░░░ 46.5% (237/363)
Web ./index.js ▓▓▓▓▓▓▓░░░░░░░░░ 46.5% ( 473/2161)
Web ./index.js ▓▓▓▓▓▓▓░░░░░░░░░ 46.5% (1368/2161)
Web ./index.js ▓▓▓▓▓▓▓▓▓▓▓▓▓▓░░ 93.7% (2243/2332)
Web Bundled 20461ms index.js (2570 modules)
 LOG  [web] Logs will appear in the browser console
Web ./index.js ░░░░░░░░░░░░░░░░  0.0% (0/1)
Web Bundled 111ms index.js (1 module)
 LOG  [web] Logs will appear in the browser console
Web ./index.js ░░░░░░░░░░░░░░░░  0.0% (0/1)
Web Bundled 106ms index.js (1 module)
 LOG  [web] Logs will appear in the browser console
Web ./index.js ░░░░░░░░░░░░░░░░  0.0% (0/1)
Web Bundled 98ms index.js (1 module)
 LOG  [web] Logs will appear in the browser console
Web ./index.js ░░░░░░░░░░░░░░░░  0.0% (0/1)
Web Bundled 102ms index.js (1 module)
 LOG  [web] Logs will appear in the browser console
Web ./index.js ░░░░░░░░░░░░░░░░  0.0% (0/1)
Web Bundled 118ms index.js (1 module)
 LOG  [web] Logs will appear in the browser console
Web ./index.js ░░░░░░░░░░░░░░░░  0.0% (0/1)
Web Bundled 91ms index.js (1 module)
 LOG  [web] Logs will appear in the browser console
Web ./index.js ░░░░░░░░░░░░░░░░  0.0% (0/1)
Web Bundled 109ms index.js (1 module)
 LOG  [web] Logs will appear in the browser console
Web ./index.js ░░░░░░░░░░░░░░░░  0.0% (0/1)
Web Bundled 87ms index.js (1 module)
 LOG  [web] Logs will appear in the browser console
Web ./index.js ░░░░░░░░░░░░░░░░  0.0% (0/1)
Web Bundled 95ms index.js (1 module)
 LOG  [web] Logs will appear in the browser console
Web ./index.js ░░░░░░░░░░░░░░░░  0.0% (0/1)
Web Bundled 99ms index.js (1 module)
 LOG  [web] Logs will appear in the browser console
Web ./index.js ░░░░░░░░░░░░░░░░  0.0% (0/1)
Web Bundled 91ms index.js (1 module)
 LOG  [web] Logs will appear in the browser console
Web ./index.js ░░░░░░░░░░░░░░░░  0.0% (0/1)
Web Bundled 88ms index.js (1 module)
 LOG  [web] Logs will appear in the browser console
Web ./index.js ░░░░░░░░░░░░░░░░  0.0% (0/1)
Web Bundled 91ms index.js (1 module)
 LOG  [web] Logs will appear in the browser console
Web ./index.js ░░░░░░░░░░░░░░░░  0.0% (0/1)
Web Bundled 88ms index.js (1 module)
 LOG  [web] Logs will appear in the browser console
Web ./index.js ░░░░░░░░░░░░░░░░  0.0% (0/1)
Web Bundled 87ms index.js (1 module)
 LOG  [web] Logs will appear in the browser console
Web ./index.js ░░░░░░░░░░░░░░░░  0.0% (0/1)
Web Bundled 94ms index.js (1 module)
 LOG  [web] Logs will appear in the browser console
Web ./index.js ░░░░░░░░░░░░░░░░  0.0% (0/1)
Web Bundled 93ms index.js (1 module)
 LOG  [web] Logs will appear in the browser console
Web ./index.js ░░░░░░░░░░░░░░░░  0.0% (0/1)
Web Bundled 139ms index.js (1 module)
 LOG  [web] Logs will appear in the browser console
Web ./index.js ░░░░░░░░░░░░░░░░  0.0% (0/1)
Web Bundled 92ms index.js (1 module)
 LOG  [web] Logs will appear in the browser console
Web ./index.js ░░░░░░░░░░░░░░░░  0.0% (0/1)
Web Bundled 125ms index.js (1 module)
 LOG  [web] Logs will appear in the browser console
Web ./index.js ░░░░░░░░░░░░░░░░  0.0% (0/1)
Web Bundled 93ms index.js (1 module)
 LOG  [web] Logs will appear in the browser console
Web ./index.js ░░░░░░░░░░░░░░░░  0.0% (0/1)
Web Bundled 102ms index.js (1 module)
 LOG  [web] Logs will appear in the browser console
Web ./index.js ░░░░░░░░░░░░░░░░  0.0% (0/1)
Web Bundled 91ms index.js (1 module)
 LOG  [web] Logs will appear in the browser console
Web ./index.js ░░░░░░░░░░░░░░░░  0.0% (0/1)
Web Bundled 91ms index.js (1 module)
 LOG  [web] Logs will appear in the browser console
Web ./index.js ░░░░░░░░░░░░░░░░  0.0% (0/1)
Web Bundled 87ms index.js (1 module)
 LOG  [web] Logs will appear in the browser console
Web ./index.js ░░░░░░░░░░░░░░░░  0.0% (0/1)
Web Bundled 148ms index.js (1 module)
 LOG  [web] Logs will appear in the browser console
Web ./index.js ░░░░░░░░░░░░░░░░  0.0% (0/1)
Web Bundled 89ms index.js (1 module)
 LOG  [web] Logs will appear in the browser console
Web ./index.js ░░░░░░░░░░░░░░░░  0.0% (0/1)
Web Bundled 139ms index.js (1 module)
 LOG  [web] Logs will appear in the browser console
Web ./index.js ░░░░░░░░░░░░░░░░  0.0% (0/1)
Web Bundled 96ms index.js (1 module)
 LOG  [web] Logs will appear in the browser console
Web ./index.js ░░░░░░░░░░░░░░░░  0.0% (0/1)
Web Bundled 96ms index.js (1 module)
 LOG  [web] Logs will appear in the browser console
Web ./index.js ░░░░░░░░░░░░░░░░  0.0% (0/1)
Web Bundled 141ms index.js (1 module)
 LOG  [web] Logs will appear in the browser console
Web ./index.js ░░░░░░░░░░░░░░░░  0.0% (0/1)
Web Bundled 91ms index.js (1 module)
 LOG  [web] Logs will appear in the browser console
Web ./index.js ░░░░░░░░░░░░░░░░  0.0% (0/1)
Web Bundled 86ms index.js (1 module)
 LOG  [web] Logs will appear in the browser console
Web ./index.js ░░░░░░░░░░░░░░░░  0.0% (0/1)
Web Bundled 92ms index.js (1 module)
 LOG  [web] Logs will appear in the browser console
Web ./index.js ░░░░░░░░░░░░░░░░  0.0% (0/1)
Web Bundled 88ms index.js (1 module)
 LOG  [web] Logs will appear in the browser console
Web ./index.js ░░░░░░░░░░░░░░░░  0.0% (0/1)
Web Bundled 89ms index.js (1 module)
 LOG  [web] Logs will appear in the browser console
Web ./index.js ░░░░░░░░░░░░░░░░  0.0% (0/1)
Web Bundled 85ms index.js (1 module)
 LOG  [web] Logs will appear in the browser console
Web ./index.js ░░░░░░░░░░░░░░░░  0.0% (0/1)
Web Bundled 90ms index.js (1 module)
 LOG  [web] Logs will appear in the browser console
Web ./index.js ░░░░░░░░░░░░░░░░  0.0% (0/1)
Web Bundled 86ms index.js (1 module)
 LOG  [web] Logs will appear in the browser console
Web ./index.js ░░░░░░░░░░░░░░░░  0.0% (0/1)
Web Bundled 92ms index.js (1 module)
 LOG  [web] Logs will appear in the browser console
Web ./index.js ░░░░░░░░░░░░░░░░  0.0% (0/1)
Web Bundled 89ms index.js (1 module)
 LOG  [web] Logs will appear in the browser console
Web ./index.js ░░░░░░░░░░░░░░░░  0.0% (0/1)
Web Bundled 123ms index.js (1 module)
 LOG  [web] Logs will appear in the browser console
Web ./index.js ░░░░░░░░░░░░░░░░  0.0% (0/1)
Web Bundled 91ms index.js (1 module)
 LOG  [web] Logs will appear in the browser console
Web ./index.js ░░░░░░░░░░░░░░░░  0.0% (0/1)
Web Bundled 95ms index.js (1 module)
 LOG  [web] Logs will appear in the browser console
Web ./index.js ░░░░░░░░░░░░░░░░  0.0% (0/1)
Web Bundled 90ms index.js (1 module)
 LOG  [web] Logs will appear in the browser console
Web ./index.js ░░░░░░░░░░░░░░░░  0.0% (0/1)
Web Bundled 87ms index.js (1 module)
 LOG  [web] Logs will appear in the browser console
Web ./index.js ░░░░░░░░░░░░░░░░  0.0% (0/1)
Web Bundled 91ms index.js (1 module)
 LOG  [web] Logs will appear in the browser console
Web ./index.js ░░░░░░░░░░░░░░░░  0.0% (0/1)
Web Bundled 89ms index.js (1 module)
 LOG  [web] Logs will appear in the browser console
Web ./index.js ░░░░░░░░░░░░░░░░  0.0% (0/1)
Web Bundled 90ms index.js (1 module)
 LOG  [web] Logs will appear in the browser console
Web ./index.js ░░░░░░░░░░░░░░░░  0.0% (0/1)
Web Bundled 176ms index.js (1 module)
 LOG  [web] Logs will appear in the browser console
Web ./index.js ░░░░░░░░░░░░░░░░  0.0% (0/1)
Web Bundled 84ms index.js (1 module)
 LOG  [web] Logs will appear in the browser console
Web ./index.js ░░░░░░░░░░░░░░░░  0.0% (0/1)
Web Bundled 87ms index.js (1 module)
 LOG  [web] Logs will appear in the browser console
Web ./index.js ░░░░░░░░░░░░░░░░  0.0% (0/1)
Web Bundled 86ms index.js (1 module)
 LOG  [web] Logs will appear in the browser console
